[mono.flatheme.net/home/app-landing.html]
[backblue.gif]
[fade.gif]
[index.html]
[mono.flatheme.net/assets/images/favicon.png]
[mono.flatheme.net/home/agency-1.html]
[mono.flatheme.net/home/agency-2.html]
[mono.flatheme.net/home/agency-3.html]
[mono.flatheme.net/home/agency-4.html]
[mono.flatheme.net/home/agency-5.html]
[mono.flatheme.net/home/agency-6.html]
[mono.flatheme.net/home/agency-7.html]
[mono.flatheme.net/home/agency-8.html]
[mono.flatheme.net/home/agency-9.html]
[mono.flatheme.net/home/agency-10.html]
[mono.flatheme.net/home/business-1.html]
[mono.flatheme.net/home/business-2.html]
[mono.flatheme.net/home/business-3.html]
[mono.flatheme.net/home/business-4.html]
[mono.flatheme.net/home/business-5.html]
[mono.flatheme.net/home/business-6.html]
[mono.flatheme.net/home/business-7.html]
[mono.flatheme.net/home/business-8.html]
[mono.flatheme.net/home/business-9.html]
[mono.flatheme.net/home/business-10.html]
[mono.flatheme.net/home/corporate-1.html]
[mono.flatheme.net/home/corporate-2.html]
[mono.flatheme.net/home/corporate-3.html]
[mono.flatheme.net/home/corporate-4.html]
[mono.flatheme.net/home/corporate-5.html]
[mono.flatheme.net/home/corporate-6.html]
[mono.flatheme.net/home/portfolio-1.html]
[mono.flatheme.net/home/portfolio-2.html]
[mono.flatheme.net/home/portfolio-3.html]
[mono.flatheme.net/home/portfolio-4.html]
[mono.flatheme.net/home/portfolio-5.html]
[mono.flatheme.net/home/portfolio-6.html]
[mono.flatheme.net/home/blog-1.html]
[mono.flatheme.net/home/blog-2.html]
[mono.flatheme.net/home/blog-3.html]
[mono.flatheme.net/home/blog-4.html]
[mono.flatheme.net/home/blog-5.html]
[mono.flatheme.net/home/photographer-1.html]
[mono.flatheme.net/home/photographer-2.html]
[mono.flatheme.net/home/photographer-3.html]
[mono.flatheme.net/home/photographer-4.html]
[mono.flatheme.net/home/resume-1.html]
[mono.flatheme.net/home/resume-2.html]
[mono.flatheme.net/home/resume-3.html]
[mono.flatheme.net/home/studio-1.html]
[mono.flatheme.net/home/studio-2.html]
[mono.flatheme.net/home/coworking-1.html]
[mono.flatheme.net/home/coworking-2.html]
[mono.flatheme.net/home/product-landing.html]
[mono.flatheme.net/home/software-landing.html]
[mono.flatheme.net/home/onepage-1.html]
[mono.flatheme.net/home/onepage-2.html]
[mono.flatheme.net/home/onepage-personal.html]
[mono.flatheme.net/home/construction.html]
[mono.flatheme.net/home/event.html]
[mono.flatheme.net/home/interior-design.html]
[mono.flatheme.net/home/restaurant.html]
[mono.flatheme.net/home/travel.html]
[mono.flatheme.net/home/comingsoon-1.html]
[mono.flatheme.net/home/comingsoon-2.html]
[mono.flatheme.net/home/comingsoon-3.html]
[mono.flatheme.net/home/comingsoon-4.html]
[mono.flatheme.net/home/comingsoon-5.html]
[mono.flatheme.net/home/comingsoon-6.html]
[mono.flatheme.net/assets/images/applanding-bg.jpg]
[mono.flatheme.net/assets/images/mockup-1.png]
[mono.flatheme.net/assets/images/app-landing-parallax-1-bg.jpg]
[mono.flatheme.net/assets/images/app-landing-shot-1.jpg]
[mono.flatheme.net/assets/images/app-landing-shot-2.jpg]
[mono.flatheme.net/assets/images/app-landing-shot-3.jpg]
[mono.flatheme.net/assets/images/app-landing-shot-4.jpg]
[mono.flatheme.net/assets/images/app-landing-shot-5.jpg]
[mono.flatheme.net/assets/images/app-landing-parallax-2-bg.jpg]
[mono.flatheme.net/assets/images/mockup-3.png]
[mono.flatheme.net/assets/plugins/jquery.min.js]
[mono.flatheme.net/assets/plugins/plugins.js]
[mono.flatheme.net/assets/js/functions.min.js]
[mono.flatheme.net/home/app-landing.html]
[mono.flatheme.net/assets/plugins/bootstrap/bootstrap.min.css]
[mono.flatheme.net/assets/plugins/owl-carousel/owl.carousel.min.css]
[mono.flatheme.net/assets/plugins/owl-carousel/owl.theme.default.min.css]
[mono.flatheme.net/assets/plugins/magnific-popup/magnific-popup.min.css]
[mono.flatheme.net/assets/plugins/sal/sal.min.css]
[mono.flatheme.net/assets/css/theme.min.css]
[mono.flatheme.net/assets/plugins/font-awesome/css/all.css]
[mono.flatheme.net/assets/plugins/themify/fonts/themify9f24.eot]
[mono.flatheme.net/assets/plugins/themify/fonts/themifyd41d.eot]
[mono.flatheme.net/assets/plugins/themify/fonts/themify9f24.woff]
[mono.flatheme.net/assets/plugins/themify/fonts/themify9f24.ttf]
[mono.flatheme.net/assets/plugins/themify/themify-icons.min.css]
[mono.flatheme.net/assets/plugins/simple-line-icons/css/simple-line-icons.css]
[mono.flatheme.net/assets/images/agency-clean-bg.jpg]
[mono.flatheme.net/assets/images/corporate-minimal-about.jpg]
[mono.flatheme.net/assets/images/portfolio-minimal-1.jpg]
[mono.flatheme.net/assets/images/portfolio-minimal-2.jpg]
[mono.flatheme.net/assets/images/portfolio-minimal-3.jpg]
[mono.flatheme.net/assets/images/portfolio-minimal-4.jpg]
[mono.flatheme.net/assets/images/portfolio-minimal-5.jpg]
[mono.flatheme.net/assets/images/portfolio-minimal-6.jpg]
[mono.flatheme.net/assets/images/testimonial-1.jpg]
[mono.flatheme.net/assets/images/testimonial-2.jpg]
[mono.flatheme.net/assets/images/testimonial-4.jpg]
[mono.flatheme.net/assets/images/agency-clean-bg-2.jpg]
[mono.flatheme.net/assets/images/client-1.png]
[mono.flatheme.net/assets/images/client-2.png]
[mono.flatheme.net/assets/images/client-3.png]
[mono.flatheme.net/assets/images/client-4.png]
[mono.flatheme.net/assets/images/client-5.png]
[mono.flatheme.net/assets/images/client-6.png]
[mono.flatheme.net/assets/images/client-7.png]
[mono.flatheme.net/assets/images/team-sq-1.jpg]
[mono.flatheme.net/assets/images/team-sq-2.jpg]
[mono.flatheme.net/assets/images/team-sq-3.jpg]
[mono.flatheme.net/assets/images/team-sq-4.jpg]
[mono.flatheme.net/home/agency-1.html]
[mono.flatheme.net/assets/images/agency-creative-bg.jpg]
[mono.flatheme.net/assets/images/agency-creative-1.jpg]
[mono.flatheme.net/assets/images/agency-creative-2.jpg]
[mono.flatheme.net/assets/images/agency-creative-3.jpg]
[mono.flatheme.net/assets/images/agency-creative-4.jpg]
[mono.flatheme.net/assets/images/agency-creative-5.jpg]
[mono.flatheme.net/assets/images/agency-creative-6.jpg]
[mono.flatheme.net/assets/images/client-1-white.png]
[mono.flatheme.net/assets/images/client-2-white.png]
[mono.flatheme.net/assets/images/client-3-white.png]
[mono.flatheme.net/assets/images/client-4-white.png]
[mono.flatheme.net/assets/images/client-5-white.png]
[mono.flatheme.net/assets/images/client-6-white.png]
[mono.flatheme.net/assets/images/client-7-white.png]
[mono.flatheme.net/assets/images/agency-creative-2-home.jpg]
[mono.flatheme.net/assets/images/agency-creative-1-team-1.jpg]
